D:\spring-boot\ShoppingAppAZ\ShoppingAppAZ\src\main\java\com\shoppingAPP\ShoppingAppAZ\DAO\ItemsDAO.java
D:\spring-boot\ShoppingAppAZ\ShoppingAppAZ\src\main\java\com\shoppingAPP\ShoppingAppAZ\DAO\CustomerDAO.java
D:\spring-boot\ShoppingAppAZ\ShoppingAppAZ\src\main\java\com\shoppingAPP\ShoppingAppAZ\Model\Ordered_items.java
D:\spring-boot\ShoppingAppAZ\ShoppingAppAZ\src\main\java\com\shoppingAPP\ShoppingAppAZ\DAO\Items_DAO.java
D:\spring-boot\ShoppingAppAZ\ShoppingAppAZ\src\main\java\com\shoppingAPP\ShoppingAppAZ\ShoppingAppAzApplication.java
D:\spring-boot\ShoppingAppAZ\ShoppingAppAZ\src\main\java\com\shoppingAPP\ShoppingAppAZ\Model\Customer_details.java
D:\spring-boot\ShoppingAppAZ\ShoppingAppAZ\src\main\java\com\shoppingAPP\ShoppingAppAZ\DAO\OrderItemsDAO.java
D:\spring-boot\ShoppingAppAZ\ShoppingAppAZ\src\main\java\com\shoppingAPP\ShoppingAppAZ\DAO\OrderItemsDAO_impl.java
D:\spring-boot\ShoppingAppAZ\ShoppingAppAZ\src\main\java\com\shoppingAPP\ShoppingAppAZ\Model\ItemsEntity.java
D:\spring-boot\ShoppingAppAZ\ShoppingAppAZ\src\main\java\com\shoppingAPP\ShoppingAppAZ\Configurations\Id_genarator.java
D:\spring-boot\ShoppingAppAZ\ShoppingAppAZ\src\main\java\com\shoppingAPP\ShoppingAppAZ\DAO\CustomerDAO_impl.java
D:\spring-boot\ShoppingAppAZ\ShoppingAppAZ\src\main\java\com\shoppingAPP\ShoppingAppAZ\Configurations\CorsConfig.java
D:\spring-boot\ShoppingAppAZ\ShoppingAppAZ\src\main\java\com\shoppingAPP\ShoppingAppAZ\RestController\Controller.java
